[37m[2/14/2023, 7:38:39 PM][0m [36m[HB Supervisor][0m Creating default config.json: /var/lib/homebridge/config.json
[37m[2/14/2023, 7:38:39 PM][0m [36m[HB Supervisor][0m OS: Linux 5.15.49-linuxkit x64
[37m[2/14/2023, 7:38:39 PM][0m [36m[HB Supervisor][0m Node.js v18.13.0 /opt/homebridge/bin/node
[37m[2/14/2023, 7:38:39 PM][0m [36m[HB Supervisor][0m Homebridge Path: /var/lib/homebridge/node_modules/homebridge/bin/homebridge
[37m[2/14/2023, 7:38:39 PM][0m [36m[HB Supervisor][0m UI Path: /opt/homebridge/lib/node_modules/homebridge-config-ui-x/dist/bin/standalone.js
[0;37m[2/14/2023, 7:38:43 PM] [0m[0;36m[Homebridge UI][0m [0;33mHomebridge Config UI X v4.50.2 is listening on :: port 8581[0m
[37m[2/14/2023, 7:38:44 PM][0m [36m[HB Supervisor][0m Starting Homebridge with extra flags: -I -P /var/lib/homebridge/node_modules --strict-plugin-resolution
[37m[2/14/2023, 7:38:44 PM][0m [36m[HB Supervisor][0m Started Homebridge v1.6.0 with PID: 156
[37m[2/14/2023, 7:38:45 PM] [39mLoaded config.json with 0 accessories and 1 platforms.
[37m[2/14/2023, 7:38:45 PM] [39m---
[37m[2/14/2023, 7:38:45 PM] [39m[33mNo plugins found.[39m
[37m[2/14/2023, 7:38:45 PM] [39mLoading 1 platforms...
Setup Payload:
X-HM://0024UKSSFWWG1
Enter this code with your HomeKit app on your iOS device to pair with Homebridge:
[30m[47m                       [49m[39m
[30m[47m    ┌────────────┐     [49m[39m
[30m[47m    │ 833-85-535 │     [49m[39m
[30m[47m    └────────────┘     [49m[39m
[30m[47m                       [49m[39m
[37m[2/14/2023, 7:38:46 PM] [39mHomebridge v1.6.0 (HAP v0.11.0) (Homebridge 63F1) is running on port 51421.
[0;37m[2/15/2023, 1:10:18 AM] [0m[0;36m[Homebridge UI][0m Running job to cleanup config.json backup files older than 60 days...
[0;37m[2/15/2023, 3:50:06 AM] [0m[0;36m[Homebridge UI][0m Running scheduled instance backup...
[0;37m[2/15/2023, 3:50:06 AM] [0m[0;36m[Homebridge UI][0m Creating temporary backup archive at /tmp/homebridge-backup-FMyNix/homebridge-backup-0E63B97863F1.tar.gz
[37m[2/15/2023, 8:53:40 AM][0m [36m[HB Supervisor][0m Stopping services...
[37m[2/15/2023, 8:53:40 AM] [39mGot SIGTERM, shutting down Homebridge...
[37m[2/15/2023, 8:53:45 AM][0m [36m[HB Supervisor][0m Homebridge Process Ended. Code: 143, Signal: null
